// Vitest Snapshot v1, https://vitest.dev/guide/snapshot.html

exports[`array 1`] = `"010a02666e0a017200"`;

exports[`bigint 1`] = `"010a02666e0a016900"`;

exports[`call 1`] = `"010a046162636414000000010a046e756c6c00"`;

exports[`disable 1`] = `"ff"`;

exports[`double 1`] = `"010a02666e0a016f00"`;

exports[`error 1`] = `"010a02666e0a017200"`;

exports[`exec 1`] = `"020a046162636414000000010a046e756c6c00"`;

exports[`fin 1`] = `"fe"`;

exports[`int 1`] = `"010a02666e0a016e00"`;

exports[`map 1`] = `"010a02666e0a016100"`;

exports[`noContent 1`] = `"010a02666e0a016f00"`;

exports[`promise 1`] = `"08c502"`;

exports[`regExp 1`] = `"010a02666e0a016500"`;

exports[`reject 1`] = `"0a030a026162"`;

exports[`resolve 1`] = `"09030a026162"`;

exports[`return 1`] = `"0b1400000003"`;

exports[`string 1`] = `"010a02666e0a017400"`;

exports[`symbol 1`] = `"010a02666e0a017900"`;

exports[`throw 1`] = `"0c200a076d657373616765036572720a046e616d65054572726f7200"`;
